To honour the JVM settings for this build a single-use Daemon process will be forked. For more on this, please refer to https://docs.gradle.org/9.2.1/userguide/gradle_daemon.html#sec:disabling_the_daemon in the Gradle documentation.
Daemon will be stopped at the end of the build 

> Configure project :
Fabric Loom: 1.15.3

> Task :compileJava UP-TO-DATE
> Task :processResources UP-TO-DATE
> Task :classes UP-TO-DATE

> Task :compileClientJava FAILED
.\gradlew : C:\Users\Nitin\IdeaProjects\smart_survival\src\client\java\com\nitin\smartsurvival\client\NutritionScreen.java:7: error: cannot find symbol
At line:1 char:51
+ ... survival' ; .\gradlew build --no-daemon 2>&1 > build_output.txt ; cat ...
+                 ~~~~~~~~~~~~~~~~~~~~~~~~~~~~~~~~~~~~~~~~~~~~~~~~~~~
    + CategoryInfo          : NotSpecified: (C:\Users\Nitin\...not find symbol:String) [], RemoteException
    + FullyQualifiedErrorId : NativeCommandError
 
import net.minecraft.resources.ResourceLocation;
                              ^
  symbol:   class ResourceLocation
  location: package net.minecraft.resources
C:\Users\Nitin\IdeaProjects\smart_survival\src\client\java\com\nitin\smartsurvival\client\NutritionScreen.java:136: error: cannot find symbol
            ResourceLocation texture = new ResourceLocation(texturePath);
            ^
  symbol:   class ResourceLocation
  location: class NutritionScreen
C:\Users\Nitin\IdeaProjects\smart_survival\src\client\java\com\nitin\smartsurvival\client\NutritionScreen.java:136: error: cannot find symbol
            ResourceLocation texture = new ResourceLocation(texturePath);
                                           ^
  symbol:   class ResourceLocation
  location: class NutritionScreen
3 errors

[Incubating] Problems report is available at: file:///C:/Users/Nitin/IdeaProjects/smart_survival/build/reports/problems/problems-report.html

FAILURE: Build failed with an exception.

* What went wrong:
Execution failed for task ':compileClientJava'.
> Compilation failed; see the compiler output below.
  C:\Users\Nitin\IdeaProjects\smart_survival\src\client\java\com\nitin\smartsurvival\client\NutritionScreen.java:7: error: cannot find symbol
  import net.minecraft.resources.ResourceLocation;
                                ^
    symbol:   class ResourceLocation
    location: package net.minecraft.resources
  C:\Users\Nitin\IdeaProjects\smart_survival\src\client\java\com\nitin\smartsurvival\client\NutritionScreen.java:136: error: cannot find symbol
              ResourceLocation texture = new ResourceLocation(texturePath);
              ^
    symbol:   class ResourceLocation
    location: class NutritionScreen
  C:\Users\Nitin\IdeaProjects\smart_survival\src\client\java\com\nitin\smartsurvival\client\NutritionScreen.java:136: error: cannot find symbol
              ResourceLocation texture = new ResourceLocation(texturePath);
                                             ^
    symbol:   class ResourceLocation
    location: class NutritionScreen
  3 errors

* Try:
> Check your code and dependencies to fix the compilation error(s)
> Run with --scan to generate a Build Scan (powered by Develocity).

Deprecated Gradle features were used in this build, making it incompatible with Gradle 10.

You can use '--warning-mode all' to show the individual deprecation warnings and determine if they come from your own scripts or plugins.

For more on this, please refer to https://docs.gradle.org/9.2.1/userguide/command_line_interface.html#sec:command_line_warnings in the Gradle documentation.

BUILD FAILED in 10s
3 actionable tasks: 1 executed, 2 up-to-date
